
> atram-pedidos@0.4.0 build
> node scripts/clean-output.mjs && next build --webpack && node scripts/build-offline.mjs && node scripts/check-offline.mjs

▲ Next.js 16.3.4 (webpack)
✓ Running next.config.ts took 82ms

  Creating an optimized production build ...
✓ Compiled successfully in 7.0s
  Running TypeScript ...
  Finished TypeScript in 6.0s ...
  Collecting page data using 8 workers ...
  Generating static pages using 8 workers (0/9) ...
  Generating static pages using 8 workers (2/9) 
  Generating static pages using 8 workers (4/9) 
  Generating static pages using 8 workers (6/9) 
✓ Generating static pages using 8 workers (9/9) in 426ms
  Finalizing page optimization ...
  Collecting build traces ...

Route (app)
┌ ○ /
├ ○ /_not-found
├ ○ /diagnostico
├ ○ /diagnostico-etapa3
├ ○ /diagnostico-etapa5
├ ○ /diagnostico-etapa6
├ ○ /diagnostico-etapa7b3
└ ○ /layout-preview


○  (Static)  prerendered as static content

Offline: 40 arquivos, versão 8dc40e0857e7cac0, escopo /
{
  "result": "PASS",
  "checks": 121,
  "cachedResources": 40,
  "scope": "/",
  "method": "Generated service-worker runtime in VM, actual built resource bytes, network failure and worker restart simulated. Browser integration tested separately."
}
npm warn Unknown env config "http-proxy". This will stop working in the next major version of npm.
