
> atram-pedidos@0.4.0 check:stage5
> node scripts/check-stage-5.mjs

{
  "result": "PASS",
  "checks": 93,
  "results": [
    {
      "scenario": "success",
      "initial": "SUBMITTED",
      "final": "SUBMITTED",
      "erpOrders": 1,
      "sameSubmissionId": true,
      "correctionArchived": false
    },
    {
      "scenario": "400",
      "initial": "ERROR",
      "final": "SUBMITTED",
      "erpOrders": 1,
      "sameSubmissionId": false,
      "correctionArchived": true
    },
    {
      "scenario": "401",
      "initial": "ERROR",
      "final": "SUBMITTED",
      "erpOrders": 1,
      "sameSubmissionId": true,
      "correctionArchived": false
    },
    {
      "scenario": "429",
      "initial": "ERROR",
      "final": "SUBMITTED",
      "erpOrders": 1,
      "sameSubmissionId": true,
      "correctionArchived": false
    },
    {
      "scenario": "500",
      "initial": "UNKNOWN",
      "final": "SUBMITTED",
      "erpOrders": 1,
      "sameSubmissionId": true,
      "correctionArchived": false
    },
    {
      "scenario": "timeout-before",
      "initial": "UNKNOWN",
      "final": "SUBMITTED",
      "erpOrders": 1,
      "sameSubmissionId": true,
      "correctionArchived": false
    },
    {
      "scenario": "timeout-after",
      "initial": "UNKNOWN",
      "final": "SUBMITTED",
      "erpOrders": 1,
      "sameSubmissionId": true,
      "correctionArchived": false
    }
  ],
  "additional": [
    "durability barrier",
    "crash after receipt before local commit",
    "double click",
    "100 idempotent concurrent calls",
    "payload conflict",
    "rotated identity conflict",
    "offline reconciliation",
    "immutable review",
    "corrupt frozen draft"
  ]
}
npm warn Unknown env config "http-proxy". This will stop working in the next major version of npm.
